`EXAMPLES.md` snapshot

# Examples for
This file demonstrates sample usage patterns for different presets.

## OpenAI examples
- See `examples/openai.ts` for a minimal runtime example.
