`policies.md` snapshot

# # Snapshot Agent â€” Policies
- Safety: low- Refusals: undefined- Privacy: Avoid unnecessary data retention.
## Style rules

Enabled rules:
- [sec] r1
