`tools.md` snapshot

# Snapshot Agent â€” Tools
Each tool has a JSON input and optional JSON output.

## fetch
**Description:** HTTP
**Input:**
```json
{}
```

## Style rules

Enabled rules:
- [sec] r1
